10:39:39 **** Auto Build of configuration Debug for project ila_uart_bsp_xuartlite_low_level_example_1 ****
make pre-build main-build 
a9-linaro-pre-build-step
 
Building file: ../src/xuartlite_low_level_example.c
Invoking: ARM v7 gcc compiler
arm-none-eabi-gcc -Wall -O0 -g3 -c -fmessage-length=0 -MT"src/xuartlite_low_level_example.o" -mcpu=cortex-a9 -mfpu=vfpv3 -mfloat-abi=hard -I../../ila_uart_bsp/ps7_cortexa9_0/include -MMD -MP -MF"src/xuartlite_low_level_example.d" -MT"src/xuartlite_low_level_example.o" -o "src/xuartlite_low_level_example.o" "../src/xuartlite_low_level_example.c"
In file included from ../src/xuartlite_low_level_example.c:58:
../../ila_uart_bsp/ps7_cortexa9_0/include/xparameters.h:827: warning: "XPAR_SPI_1_DEVICE_ID" redefined
 #define XPAR_SPI_1_DEVICE_ID 1U
 
../../ila_uart_bsp/ps7_cortexa9_0/include/xparameters.h:779: note: this is the location of the previous definition
 #define XPAR_SPI_1_DEVICE_ID 0U
 
../../ila_uart_bsp/ps7_cortexa9_0/include/xparameters.h:828: warning: "XPAR_SPI_1_BASEADDR" redefined
 #define XPAR_SPI_1_BASEADDR 0x41E10000U
 
../../ila_uart_bsp/ps7_cortexa9_0/include/xparameters.h:780: note: this is the location of the previous definition
 #define XPAR_SPI_1_BASEADDR 0x41E00000U
 
../../ila_uart_bsp/ps7_cortexa9_0/include/xparameters.h:829: warning: "XPAR_SPI_1_HIGHADDR" redefined
 #define XPAR_SPI_1_HIGHADDR 0x41E1FFFFU
 
../../ila_uart_bsp/ps7_cortexa9_0/include/xparameters.h:781: note: this is the location of the previous definition
 #define XPAR_SPI_1_HIGHADDR 0x41E0FFFFU
 
Finished building: ../src/xuartlite_low_level_example.c
 
Building target: ila_uart_bsp_xuartlite_low_level_example_1.elf
Invoking: ARM v7 gcc linker
arm-none-eabi-gcc -mcpu=cortex-a9 -mfpu=vfpv3 -mfloat-abi=hard -Wl,-build-id=none -specs=Xilinx.spec -Wl,-T -Wl,../src/lscript.ld -L../../ila_uart_bsp/ps7_cortexa9_0/lib -o "ila_uart_bsp_xuartlite_low_level_example_1.elf"  ./src/xuartlite_low_level_example.o   -Wl,--start-group,-lxil,-lgcc,-lc,--end-group
Finished building target: ila_uart_bsp_xuartlite_low_level_example_1.elf
 
Invoking: ARM v7 Print Size
arm-none-eabi-size ila_uart_bsp_xuartlite_low_level_example_1.elf  |tee "ila_uart_bsp_xuartlite_low_level_example_1.elf.size"
   text	   data	    bss	    dec	    hex	filename
  29824	   1544	  23288	  54656	   d580	ila_uart_bsp_xuartlite_low_level_example_1.elf
Finished building: ila_uart_bsp_xuartlite_low_level_example_1.elf.size
 

10:39:40 Build Finished (took 614ms)

